// Vitest Snapshot v1, https://vitest.dev/guide/snapshot.html

exports[`compiles to TypeScript 1`] = `
"/* eslint-disable */
/**
 * This file was automatically generated by json-schema-to-typescript.
 * DO NOT MODIFY IT BY HAND. Instead, modify the source JSONSchema file,
 * and run json-schema-to-typescript to regenerate this file.
 */

export interface FoobarSchema {
  /**
   * The unique identifier for a foobar item.
   */
  id: string;
  [k: string]: unknown;
}
"
`;
