// Vitest Snapshot v1, https://vitest.dev/guide/snapshot.html

exports[`sorts content 1`] = `
"# ~~ Generated by projen. To modify, edit .projenrc.js and run "npx projen".

/bar 
/foo "
`;
