// Vitest Snapshot v1, https://vitest.dev/guide/snapshot.html

exports[`defaults 1`] = `
{
  ".gitignore": "# ~~ Generated by projen. To modify, edit .projenrc.js and run "npx projen".
node_modules/
!/.gitattributes
!/.projen/tasks.json
!/.projen/deps.json
!/.projen/files.json
!/.swcrc
",
  ".projen/files.json": {
    "//": "~~ Generated by projen. To modify, edit .projenrc.js and run "npx projen".",
    "files": [
      ".gitattributes",
      ".gitignore",
      ".projen/deps.json",
      ".projen/files.json",
      ".projen/tasks.json",
      ".swcrc",
    ],
  },
  ".projen/tasks.json": {
    "//": "~~ Generated by projen. To modify, edit .projenrc.js and run "npx projen".",
    "tasks": {
      "build": {
        "description": "Full release build",
        "name": "build",
        "steps": [
          {
            "spawn": "default",
          },
          {
            "spawn": "pre-compile",
          },
          {
            "spawn": "compile",
          },
          {
            "spawn": "post-compile",
          },
          {
            "spawn": "test",
          },
          {
            "spawn": "package",
          },
        ],
      },
      "compile": {
        "description": "Only compile",
        "name": "compile",
      },
      "default": {
        "description": "Synthesize project files",
        "name": "default",
      },
      "eject": {
        "description": "Remove projen from the project",
        "env": {
          "PROJEN_EJECTING": "true",
        },
        "name": "eject",
        "steps": [
          {
            "spawn": "default",
          },
        ],
      },
      "package": {
        "description": "Creates the distribution package",
        "name": "package",
      },
      "post-compile": {
        "description": "Runs after successful compilation",
        "name": "post-compile",
      },
      "pre-compile": {
        "description": "Prepare the project for compilation",
        "name": "pre-compile",
      },
      "test": {
        "description": "Run tests",
        "name": "test",
      },
    },
  },
  ".swcrc": "{
  "$schema": "https://swc.rs/schema.json",
  "//": "~~ Generated by projen. To modify, edit .projenrc.js and run \\"npx projen\\"."
}
",
}
`;
