// Vitest Snapshot v1, https://vitest.dev/guide/snapshot.html

exports[`defaults 1`] = `
{
  ".gitignore": "# ~~ Generated by projen. To modify, edit .projenrc.js and run "npx projen".
node_modules/
!/.gitattributes
!/.projen/tasks.json
!/.projen/deps.json
!/.projen/files.json
",
  ".projen/files.json": {
    "//": "~~ Generated by projen. To modify, edit .projenrc.js and run "npx projen".",
    "files": [
      ".gitattributes",
      ".gitignore",
      ".projen/deps.json",
      ".projen/files.json",
      ".projen/tasks.json",
    ],
  },
}
`;
